// Jest Snapshot v1, https://goo.gl/fbAQLP

exports[`process_substitution.sh 1`] = `
====================================options=====================================
parsers: ["bash"]
printWidth: 80
                                                                                | printWidth
=====================================input======================================
#!/bin/bash

# TODO: Raise parser bug! (Unexpected 'OPEN_PAREN')
# echo >(true)
# echo <(true)
# echo >(true) <(true)

# wc <(cat /usr/share/dict/linux.words)

# read -a list < <( od -Ad -w24 -t u2 /dev/urandom )

exit

=====================================output=====================================
exit
================================================================================
`;
